
--------------------------------------------------------------
*** Q7 ***
publisher_id	publisher_name
55	Temp1 Temp2
34	Koc Universitesi Yayinlari

--------------------------------------------------------------
